同一个世界: 共同在家 (<tag5> (also </tag5> 英语: One World: Together at Home), 是于 2020年 4月 18日举行的虚拟系列演唱会, 推广在 2019 冠状病毒病疫情期间保持社交距离等防疫理念, 由全球公民和歌手嘎嘎小姐共同组织发起, 以 <tag2> in </tag2> 支持 <tag1> support </tag1> 世界卫生组织。	Together at Home (also known as One World: Together at Home) was a virtual concert series organised by Global Citizen and curated by singer Lady Gaga, in support of the World Health Organization.
其他问题涉及医疗服务的取得, 以及费用。世界上绝大部分的国家地区没有足够的健康保险。在低收入国家, 不到总医疗保健支出的 40% 的经费由公家 / 政府支付。社区卫生, 甚至全民卫生都未 <tag1> not </tag1> 受到鼓励, 因为发展中国家的卫生部门无法将他们的国家主管 <tag5> authorities </tag5> 部门, 与地方政府, 以及社区行动联系起来。	Community health, even population health, is not encouraged as health sectors in developing countries are not able to link the national authorities with the local government and community action.
同一个世界: 共同 <tag0> Together </tag0> 在家 (英语: One World: Together at Home), 是于 2020年 4月 18日举行的虚拟系列演唱会, 推广在 2019 冠状病毒病疫情期间保持社交距离等防疫理念, 由全球公民和歌手嘎嘎小姐共同组织发起, 以支持世界卫生组织。	Together at Home (also known as One World: Together at Home) was a virtual concert series organised by Global Citizen and curated by singer Lady Gaga, in support of the World Health Organization.
2019年 9月 20日, 澳大利亚奥林匹克委员会公布了第一批入选奥运阵容的帆船选手名单, 名单中包括 2016年里约奥运银牌 <tag0> silver </tag0> 得主 Mathew Belcher 和 <tag4> and </tag4> William Ryan 。 2020年 2月 27日, 第二批入选 <tag5> selected </tag5> 奥运阵容的帆船选手名单正式公布。 2020年 3月 19日, Mara <tag3> Belcher </tag3> Stransky 确认获得代表澳大利亚参加女子辐射型的资格, 成为 <tag2> world's </tag2> 第三批入选的帆船选手。	On 20 September 2019, the Australian Olympic Committee announced the first set of sailors selected for Tokyo 2020, namely Rio 2016 silver medalists and defending world 470 champions Mathew Belcher and William Ryan and world's current top-ranked Laser sailor Matthew Wearn.
429 运输中队 (429 野牛), 使用 CC - 177	429 Transport Squadron (429 Bison Squadron) - Flying the CC-177
2020年 <tag2> 30 </tag2> 1月 <tag0> January, </tag0> 20日, 华盛顿州 <tag3> a </tag3> 确诊首例 COVID - 19 患者。 1月 29日, 成立白宫冠状病毒工作组。 1月 31日, 特朗普政府宣布进入公共卫生紧急状态。	On 30 January, the WHO declared a Public Health Emergency of International Concern and on January 31, the Trump administration declared a public health emergency, and placed travel restrictions on entry for travellers from China.
SIR S 标准成立于 1992年, 是美国胸科医师学会 / 重症监护医学协商会共同会议的一部分。会议得出结论, SIR S 的表现包括但不限于上述成人 SIR S 的前四项判定标准。	The conference concluded that the manifestations of SIRS include, but are not limited to the first four described above under adult SIRS criteria.
一般来说, SIR S 的治疗 <tag5> treatment </tag5> 针对潜在的问题或诱发原因 (例如, 使用足够的液体替代 <tag2> replacement </tag2> 血容量不足, 对胰腺炎患者应用 IV F / NPO, 肾上腺素 / 类固醇 / 苯海拉明用于过敏反应) 。硒, 谷氨酰胺和二十碳五烯酸已经显示出在临床试验中改善症状的有效性。其他的抗氧化剂, 如维生素E 可能是有帮助的。	Generally, the treatment for SIRS is directed towards the underlying problem or inciting cause (i.e. adequate fluid replacement for hypovolemia, IVF/NPO for pancreatitis, epinephrine/steroids/diphenhydramine for anaphylaxis).Selenium, glutamine, and eicosapentaenoic acid have shown effectiveness in improving symptoms in clinical trials.
其他问题涉及医疗服务的取得, 以及费用。世界上绝大部分的国家地区没有足够的健康保险。在低收入国家, 不到总医疗保健支出的 40% 的经费由公家 / 政府支付。社区卫生, 甚至全民卫生都未受到鼓励, 因为发展中国家的卫生部门无法 <tag2> able </tag2> 将他们的国家主管部门, 与地方政府, 以及 <tag4> and </tag4> 社区行动 <tag1> action. </tag1> 联系起来。	Community health, even population health, is not encouraged as health sectors in developing countries are not able to link the national authorities with the local government and community action.
2019年 9月 20日, 澳大利亚奥林匹克委员会公布了第一批入选奥运阵容的帆船选手名单, 名单中包括 2016年里约奥运银牌得主 Mathew Belcher 和 William Ryan 。 2020年 2月 27日, 第二批入选奥运阵容的帆船选手名单正式公布。 2020年 3月 19日, Mara Stransky 确认获得代表澳大利亚参加女子辐射型的资格, 成为第三批入选的帆船选手。	On 20 September 2019, the Australian Olympic Committee announced the first set of sailors selected for Tokyo 2020, namely Rio 2016 silver medalists and defending world 470 champions Mathew Belcher and William Ryan and world's current top-ranked Laser sailor Matthew Wearn.
同日, 一个曾为钻石 <tag3> Diamond </tag3> 公主号 <tag4> COVID-19: </tag4> 邮轮乘客的 78 岁男性老人宣布死亡, 为澳大利亚首例因感染 COVID - 19 死亡的病例。他曾在西澳大利亚州 Sir <tag0> the </tag0> Charles Gairdner Hospital 治疗。	On 1 March, Australia reported the first death from COVID-19: a 78-year-old Perth man, who was one of the passengers from the Diamond Princess, and who had been evacuated and was being treated in Western Australia.
SIR S 标准成立于 1992年, 是美国胸科医师学会 / 重症监护医学协商会共同会议的一部分。会议得出结论, SIR S 的表现包括但不限于上述成人 SIR S 的前四项判定标准。	The conference concluded that the manifestations of SIRS include, but are not limited to the first four described above under adult SIRS criteria.
429 运输中队 <tag0> Squadron </tag0> (429 野牛), 使用 CC - 177	429 Transport Squadron (429 Bison Squadron) - Flying the CC-177
2020年 1月 <tag3> January, </tag3> 20日, 华盛顿州确诊首例 COVID - 19 患者。 1月 29日, 成立白宫冠状病毒工作组。 1月 31日, 特朗普政府宣布进入 <tag4> entry </tag4> 公共卫生 <tag1> health </tag1> 紧急状态。	On 30 January, the WHO declared a Public Health Emergency of International Concern and on January 31, the Trump administration declared a public health emergency, and placed travel restrictions on entry for travellers from China.
2019年 9月 20日, 澳大利亚奥林匹克委员会公布了第一批入选奥运阵容的帆船选手 <tag0> sailors </tag0> 名单, 名单中包括 2016年里约奥运银牌得主 Mathew Belcher 和 William Ryan 。 2020年 2月 27日, 第二批入选奥运阵容的帆船选手名单正式公布。 2020年 3月 19日, Mara Stransky 确认获得代表澳大利亚参加女子辐射型的资格, 成为第三批入选的帆船选手。	On 20 September 2019, the Australian Olympic Committee announced the first set of sailors selected for Tokyo 2020, namely Rio 2016 silver medalists and defending world 470 champions Mathew Belcher and William Ryan and world's current top-ranked Laser sailor Matthew Wearn.
2020年 1月 20日, 华盛顿州确诊首例 COVID - 19 患者。 1月 29日, 成立白宫冠状病毒工作组。 1月 31日, <tag5> and </tag5> 特朗普政府宣布进入公共卫生 <tag2> health </tag2> 紧急状态。	On 30 January, the WHO declared a Public Health Emergency of International Concern and on January 31, the Trump administration declared a public health emergency, and placed travel restrictions on entry for travellers from China.
微生物检验与食品安全控制.	Food Poisoning and Food Hygiene.
429 运输中队 (429 野牛), 使用 CC - 177	429 Transport Squadron (429 Bison Squadron) - Flying the CC-177
一般来说, SIR S 的治疗针对潜在的问题或诱发原因 (例如, 使用足够的液体替代血容量不足, 对胰腺炎患者应用 IV F / NPO, 肾上腺素 / 类固醇 / 苯海拉明用于过敏反应) 。硒, 谷氨酰胺和二十碳五烯酸已经 <tag1> have </tag1> 显示出在临床试验中改善 <tag2> improving </tag2> 症状的有效性 <tag5> effectiveness </tag5> 。其他的抗氧化剂, 如维生素E 可能是有帮助的。	Generally, the treatment for SIRS is directed towards the underlying problem or inciting cause (i.e. adequate fluid replacement for hypovolemia, IVF/NPO for pancreatitis, epinephrine/steroids/diphenhydramine for anaphylaxis).Selenium, glutamine, and eicosapentaenoic acid have shown effectiveness in improving symptoms in clinical trials.
2019年 9月 20日, 澳大利亚奥林匹克委员会公布了第一批入选奥运阵容的帆船选手名单, 名单中包括 2016年里约奥运银牌得主 Mathew Belcher 和 William Ryan 。 2020年 <tag1> 2020, </tag1> 2月 27日, 第二批入选奥运阵容的帆船选手名单正式公布。 2020年 3月 19日, Mara Stransky 确认获得代表澳大利亚参加女子辐射型的资格, 成为第三批入选的帆船选手。	On 20 September 2019, the Australian Olympic Committee announced the first set of sailors selected for Tokyo 2020, namely Rio 2016 silver medalists and defending world 470 champions Mathew Belcher and William Ryan and world's current top-ranked Laser sailor Matthew Wearn.
输血相关急性肺 <tag3> lung </tag3> 损伤 <tag4> injury </tag4> (Transfusion related acute lung injury; TRALI) 是一种会引发急性肺水肿的严重输血併发症。	Transfusion-related acute lung injury (TRALI) is a serious blood transfusion complication characterized by the acute onset of non-cardiogenic pulmonary edema following transfusion of blood products.
2020年 1月 20日, 华盛顿州确诊首例 COVID - 19 患者。 1月 29日, 成立白宫冠状病毒工作组。 1月 31日, 特朗普政府宣布进入公共卫生紧急状态。	On 30 January, the WHO declared a Public Health Emergency of International Concern and on January 31, the Trump administration declared a public health emergency, and placed travel restrictions on entry for travellers from China.
同日, 一个曾为钻石公主号邮轮乘客的 78 岁男性老人宣布死亡, 为澳大利亚首例因感染 COVID - 19 死亡的病例 <tag3> reported </tag3> 。他曾在西澳大利亚州 Sir Charles Gairdner Hospital 治疗。	On 1 March, Australia reported the first death from COVID-19: a 78-year-old Perth man, who was one of the passengers from the Diamond Princess, and who had been evacuated and was being treated in Western Australia.
429 运输中队 <tag3> Squadron </tag3> (429 野牛), 使用 CC - 177	429 Transport Squadron (429 Bison Squadron) - Flying the CC-177
同日, 一个曾为钻石公主号邮轮乘客的 78 岁男性 <tag5> man, </tag5> 老人宣布死亡, 为澳大利亚首例因感染 COVID - 19 死亡的病例。他曾在西澳大利亚州 Sir Charles Gairdner Hospital 治疗。	On 1 March, Australia reported the first death from COVID-19: a 78-year-old Perth man, who was one of the passengers from the Diamond Princess, and who had been evacuated and was being treated in Western Australia.
一般来说, SIR S 的治疗针对潜在的问题或诱发原因 (例如, 使用足够的液体替代血容量不足, 对胰腺炎患者应用 IV F / NPO, 肾上腺素 / 类固醇 / 苯海拉明用于过敏反应) 。硒, 谷氨酰胺和二十碳 <tag3> for </tag3> 五烯酸已经显示出在临床试验中改善症状的有效性。其他的抗氧化剂, 如维生素E 可能是有帮助的。	Generally, the treatment for SIRS is directed towards the underlying problem or inciting cause (i.e. adequate fluid replacement for hypovolemia, IVF/NPO for pancreatitis, epinephrine/steroids/diphenhydramine for anaphylaxis).Selenium, glutamine, and eicosapentaenoic acid have shown effectiveness in improving symptoms in clinical trials.
SIR S 标准成立于 1992年, 是美国胸科医师学会 / <tag3> of </tag3> 重症监护医学协商会共同会议的一部分。会议得出结论, SIR S 的表现包括但不限于上述成人 SIR S 的前四项 <tag1> under </tag1> 判定标准。	The conference concluded that the manifestations of SIRS include, but are not limited to the first four described above under adult SIRS criteria.
输血相关急性肺损伤 (Transfusion related acute lung injury; TRALI) <tag1> complication </tag1> 是一种会引发急性肺水肿的严重输血併 <tag0> transfusion </tag0> 发症。	Transfusion-related acute lung injury (TRALI) is a serious blood transfusion complication characterized by the acute onset of non-cardiogenic pulmonary edema following transfusion of blood products.
输血相关 <tag2> Transfusion-related </tag2> 急性肺损伤 <tag3> injury </tag3> (Transfusion related acute lung injury; TRALI) 是一种会引发急性肺水肿的严重输血併发症。	Transfusion-related acute lung injury (TRALI) is a serious blood transfusion complication characterized by the acute onset of non-cardiogenic pulmonary edema following transfusion of blood products.
输血相关急性肺损伤 (Transfusion related acute lung injury; TRALI) 是一种会引发急性 <tag3> acute </tag3> 肺水肿的严重 <tag4> serious </tag4> 输血併发症。	Transfusion-related acute lung injury (TRALI) is a serious blood transfusion complication characterized by the acute onset of non-cardiogenic pulmonary edema following transfusion of blood products.
同一个世界: 共同 <tag3> Together </tag3> 在家 (英语: One World: Together at Home), 是于 2020年 4月 18日举行的虚拟系列演唱会, 推广在 2019 冠状病毒病疫情期间保持社交距离等防疫理念, 由全球公民和歌手嘎嘎小姐共同组织发起, <tag4> the </tag4> 以支持世界卫生组织。	Together at Home (also known as One World: Together at Home) was a virtual concert series organised by Global Citizen and curated by singer Lady Gaga, in support of the World Health Organization.
SIR S 标准成立于 1992年, 是美国胸科医师学会 / 重症监护医学协商会共同会议的一部分。会议得出结论, SIR S 的表现包括但 <tag1> but </tag1> 不限于上述成人 SIR S 的前四项 <tag0> under </tag0> 判定标准。	The conference concluded that the manifestations of SIRS include, but are not limited to the first four described above under adult SIRS criteria.
2019年 9月 20日, 澳大利亚奥林匹克 <tag0> Olympic </tag0> 委员会公布了第一批入选奥运阵容 <tag3> medalists </tag3> 的帆船选手名单, 名单中包括 2016年里约 <tag2> Rio </tag2> 奥运银牌得主 Mathew Belcher 和 William Ryan 。 2020年 2月 27日, 第二批入选奥运阵容的帆船选手名单正式公布。 2020年 3月 19日, Mara Stransky 确认获得代表澳大利亚参加女子辐射型的资格, 成为第三批入选的帆船选手。	On 20 September 2019, the Australian Olympic Committee announced the first set of sailors selected for Tokyo 2020, namely Rio 2016 silver medalists and defending world 470 champions Mathew Belcher and William Ryan and world's current top-ranked Laser sailor Matthew Wearn.
2019年 9月 20日, 澳大利亚奥林匹克委员会公布了第一批入选奥运阵容的帆船选手名单, 名单中包括 2016年里约奥运银牌得主 Mathew Belcher 和 William Ryan 。 2020年 2月 27日, 第二批入选奥运阵容的帆船选手名单正式公布。 2020年 3月 19日, Mara Stransky 确认获得代表澳大利亚参加女子辐射型的资格, 成为第三批入选的帆船选手。	On 20 September 2019, the Australian Olympic Committee announced the first set of sailors selected for Tokyo 2020, namely Rio 2016 silver medalists and defending world 470 champions Mathew Belcher and William Ryan and world's current top-ranked Laser sailor Matthew Wearn.
一般来说, SIR S 的治疗针对潜在 <tag0> underlying </tag0> 的问题或诱发原因 (例如, 使用足够的液体替代血容量不足, 对胰腺炎患者应用 IV F / NPO, 肾上腺素 / 类固醇 / 苯海拉明用于 <tag1> for </tag1> 过敏反应) 。硒, 谷氨酰胺和二十碳五烯酸已经显示出在临床试验中改善症状的有效性。其他的抗氧化剂, 如维生素E 可能是有帮助的。	Generally, the treatment for SIRS is directed towards the underlying problem or inciting cause (i.e. adequate fluid replacement for hypovolemia, IVF/NPO for pancreatitis, epinephrine/steroids/diphenhydramine for anaphylaxis).Selenium, glutamine, and eicosapentaenoic acid have shown effectiveness in improving symptoms in clinical trials.
输血相关急性肺损伤 (Transfusion related acute lung injury; TRALI) 是一种会引发急性肺水肿的严重输血併发症。	Transfusion-related acute lung injury (TRALI) is a serious blood transfusion complication characterized by the acute onset of non-cardiogenic pulmonary edema following transfusion of blood products.
其他问题涉及医疗服务的取得, 以及费用。世界上绝大部分的国家地区没有足够的健康保险。在低收入国家, 不到总医疗保健支出的 40% 的经费由公家 / 政府支付。社区卫生, 甚至全民卫生都未受到鼓励, 因为发展中国家的卫生部门无法 <tag4> able </tag4> 将他们的国家主管部门, 与地方政府, 以及社区行动联系起来。	Community health, even population health, is not encouraged as health sectors in developing countries are not able to link the national authorities with the local government and community action.
微生物检验与食品安全控制.	Food Poisoning and Food Hygiene.
2020年 1月 20日, 华盛顿州确诊首例 COVID - 19 患者。 1月 29日, 成立白宫冠状病毒工作组。 1月 31日, 特朗普政府宣布进入公共卫生紧急状态。	On 30 January, the WHO declared a Public Health Emergency of International Concern and on January 31, the Trump administration declared a public health emergency, and placed travel restrictions on entry for travellers from China.
输血相关急性肺损伤 (Transfusion related acute lung injury; TRALI) 是一种会引发急性肺水肿的严重输血併发症。	Transfusion-related acute lung injury (TRALI) is a serious blood transfusion complication characterized by the acute onset of non-cardiogenic pulmonary edema following transfusion of blood products.
2020年 1月 20日, 华盛顿州确诊首例 COVID - 19 患者。 1月 29日, 成立白宫冠状病毒工作组。 1月 31日, 特朗普政府宣布进入公共卫生紧急状态。	On 30 January, the WHO declared a Public Health Emergency of International Concern and on January 31, the Trump administration declared a public health emergency, and placed travel restrictions on entry for travellers from China.
其他问题涉及医疗服务的取得, 以及费用。世界上绝大部分的国家地区没有足够的健康保险。在低收入国家, 不到总医疗保健支出的 40% 的经费由公家 / 政府支付。社区卫生, 甚至全民卫生都未受到鼓励, 因为发展中国家的卫生部门无法将他们的国家 <tag0> national </tag0> 主管部门, 与地方政府, 以及社区行动联系起来。	Community health, even population health, is not encouraged as health sectors in developing countries are not able to link the national authorities with the local government and community action.
同一个世界: 共同在家 (<tag2> (also </tag2> 英语: One World: Together at Home), 是于 2020年 4月 18日举行的虚拟系列演唱会, 推广在 2019 冠状病毒病疫情期间保持社交距离等防疫理念, 由全球公民和歌手嘎嘎小姐共同组织 <tag5> organised </tag5> 发起, 以支持世界卫生组织。	Together at Home (also known as One World: Together at Home) was a virtual concert series organised by Global Citizen and curated by singer Lady Gaga, in support of the World Health Organization.
2020年 <tag3> 30 </tag3> 1月 20日, 华盛顿州确诊首例 COVID - 19 患者。 1月 29日 <tag5> on </tag5>, 成立白宫冠状病毒工作组。 1月 31日, 特朗普政府宣布进入公共 <tag1> public </tag1> 卫生紧急状态。	On 30 January, the WHO declared a Public Health Emergency of International Concern and on January 31, the Trump administration declared a public health emergency, and placed travel restrictions on entry for travellers from China.
其他问题涉及医疗服务的取得, 以及费用。世界上绝大部分的国家地区没有足够的健康保险。在低收入国家, 不到总医疗保健支出的 40% 的经费由公家 / 政府支付。社区卫生, 甚至全民卫生都未受到鼓励, 因为发展中国家的卫生部门无法将他们的国家 <tag1> national </tag1> 主管部门, 与 <tag5> with </tag5> 地方政府, 以及社区行动联系起来。	Community health, even population health, is not encouraged as health sectors in developing countries are not able to link the national authorities with the local government and community action.
微生物检验与食品安全控制.	Food Poisoning and Food Hygiene.
其他问题涉及医疗服务的取得, 以及 <tag3> as </tag3> 费用。世界上绝大部分的国家地区没有足够的健康保险。在低收入国家, 不到总医疗保健支出的 40% 的经费由公家 / 政府支付。社区卫生, 甚至全民卫生都未受到鼓励 <tag2> encouraged </tag2>, 因为发展中国家 <tag0> developing </tag0> 的卫生部门无法将他们的国家 <tag5> national </tag5> 主管部门, 与 <tag4> with </tag4> 地方政府, 以及社区行动联系起来。	Community health, even population health, is not encouraged as health sectors in developing countries are not able to link the national authorities with the local government and community action.
429 运输中队 (429 野牛), 使用 CC - 177	429 Transport Squadron (429 Bison Squadron) - Flying the CC-177
429 运输中队 (429 野牛), 使用 CC - 177	429 Transport Squadron (429 Bison Squadron) - Flying the CC-177
2020年 1月 20日, 华盛顿州确诊首例 COVID - <tag4> Public </tag4> 19 患者。 1月 29日, 成立白宫冠状病毒工作组。 1月 31日, 特朗普政府宣布进入公共卫生紧急状态。	On 30 January, the WHO declared a Public Health Emergency of International Concern and on January 31, the Trump administration declared a public health emergency, and placed travel restrictions on entry for travellers from China.
同一个世界: 共同在家 (英语: One World: Together at Home), 是于 2020年 4月 18日举行的虚拟系列演唱会, 推广在 2019 冠状病毒病疫情期间保持社交距离等防疫理念, 由全球公民和 <tag5> and </tag5> 歌手嘎嘎小姐共同组织发起, 以支持世界卫生组织。	Together at Home (also known as One World: Together at Home) was a virtual concert series organised by Global Citizen and curated by singer Lady Gaga, in support of the World Health Organization.
输血相关急性肺损伤 (Transfusion related acute lung injury; TRALI) 是一种会引发急性肺水肿的严重 <tag0> serious </tag0> 输血併发症。	Transfusion-related acute lung injury (TRALI) is a serious blood transfusion complication characterized by the acute onset of non-cardiogenic pulmonary edema following transfusion of blood products.
其他问题涉及医疗服务的取得, 以及费用。世界上绝大部分的国家地区没有足够的健康保险。在 <tag2> in </tag2> 低收入国家, 不到总医疗保健支出的 40% 的经费由公家 / 政府支付。社区卫生, 甚至全民卫生都未受到鼓励, 因为发展中国家的卫生部门无法将他们的国家主管部门, 与地方政府, 以及社区行动联系起来。	Community health, even population health, is not encouraged as health sectors in developing countries are not able to link the national authorities with the local government and community action.
SIR S 标准成立于 1992年, 是美国胸科医师学会 / 重症监护医学协商会共同会议的一部分。会议得出结论, SIR S 的表现包括但不限于上述成人 <tag1> adult </tag1> SIR S 的前四项判定标准。	The conference concluded that the manifestations of SIRS include, but are not limited to the first four described above under adult SIRS criteria.
同日, 一个 <tag3> a </tag3> 曾为钻石公主号邮轮乘客的 78 岁男性老人宣布死亡, 为澳大利亚首例因感染 COVID - 19 死亡的病例。他曾在西澳大利亚州 Sir Charles Gairdner Hospital 治疗。	On 1 March, Australia reported the first death from COVID-19: a 78-year-old Perth man, who was one of the passengers from the Diamond Princess, and who had been evacuated and was being treated in Western Australia.
其他问题涉及医疗服务的取得, 以及费用。世界上绝大部分的国家地区没有足够的健康保险。在低收入国家, 不到总医疗保健支出的 40% 的经费由公家 / 政府支付。社区卫生, 甚至全民卫生都未 <tag0> not </tag0> 受到鼓励, 因为发展中国家的卫生部门无法将他们的国家主管部门, 与地方政府, 以及社区行动联系起来。	Community health, even population health, is not encouraged as health sectors in developing countries are not able to link the national authorities with the local government and community action.
一般来说, SIR S 的治疗 <tag4> treatment </tag4> 针对潜在的 <tag2> for </tag2> 问题或诱发原因 (例如, 使用足够的液体 <tag5> fluid </tag5> 替代 <tag3> replacement </tag3> 血容量不足, 对胰腺炎患者应用 IV F / NPO, 肾上腺素 / 类固醇 / 苯海拉明用于过敏反应) 。硒, 谷氨酰胺和二十碳五烯酸已经 <tag1> have </tag1> 显示出在临床试验中改善症状 <tag0> symptoms </tag0> 的有效性。其他的抗氧化剂, 如维生素E 可能是有帮助的。	Generally, the treatment for SIRS is directed towards the underlying problem or inciting cause (i.e. adequate fluid replacement for hypovolemia, IVF/NPO for pancreatitis, epinephrine/steroids/diphenhydramine for anaphylaxis).Selenium, glutamine, and eicosapentaenoic acid have shown effectiveness in improving symptoms in clinical trials.
其他问题涉及医疗服务的取得, 以及费用。世界 <tag3> population </tag3> 上绝大部分的国家地区没有足够的健康保险。在低收入国家, 不到总医疗保健支出的 40% 的经费由公家 / 政府支付。社区卫生, 甚至全民卫生都未 <tag5> not </tag5> 受到鼓励, 因为发展中国家的卫生部门无法将他们的国家主管部门, 与地方政府, 以及社区行动联系起来。	Community health, even population health, is not encouraged as health sectors in developing countries are not able to link the national authorities with the local government and community action.
微生物检验与食品安全控制.	Food Poisoning and Food Hygiene.
SIR S 标准成立于 1992年, 是美国胸科医师学会 / <tag3> of </tag3> 重症监护医学协商会共同会议的一部分。会议得出结论, SIR S 的表现包括但不限于上述成人 SIR S 的前 <tag5> first </tag5> 四项 <tag4> under </tag4> 判定标准。	The conference concluded that the manifestations of SIRS include, but are not limited to the first four described above under adult SIRS criteria.
429 运输中队 (429 野牛), 使用 CC - 177	429 Transport Squadron (429 Bison Squadron) - Flying the CC-177
2019年 9月 20日, 澳大利亚 <tag2> Australian </tag2> 奥林匹克委员会公布了第一批入选奥运阵容的帆船选手名单, 名单中包括 2016年里约奥运银牌得主 Mathew Belcher 和 William Ryan 。 2020年 2月 27日, 第二批入选奥运阵容的帆船选手名单正式公布。 2020年 3月 19日, Mara Stransky 确认获得代表澳大利亚参加女子辐射型的资格, 成为第三批入选的帆船选手。	On 20 September 2019, the Australian Olympic Committee announced the first set of sailors selected for Tokyo 2020, namely Rio 2016 silver medalists and defending world 470 champions Mathew Belcher and William Ryan and world's current top-ranked Laser sailor Matthew Wearn.
2020年 1月 20日, 华盛顿州确诊首例 COVID - 19 患者。 1月 29日, 成立白宫冠状病毒工作组。 1月 31日, 特朗普政府宣布进入公共卫生紧急状态。 <tag5> China. </tag5>	On 30 January, the WHO declared a Public Health Emergency of International Concern and on January 31, the Trump administration declared a public health emergency, and placed travel restrictions on entry for travellers from China.
2019年 9月 20日, 澳大利亚奥林匹克委员会公布了第一批入选奥运阵容的帆船选手名单, 名单中包括 2016年里约奥运银牌得主 Mathew Belcher 和 William Ryan 。 2020年 2月 27日, 第二批入选奥运阵容的帆船选手名单正式公布。 2020年 3月 19日, Mara Stransky 确认获得代表澳大利亚参加女子辐射型的资格, 成为第三批入选的帆船选手。	On 20 September 2019, the Australian Olympic Committee announced the first set of sailors selected for Tokyo 2020, namely Rio 2016 silver medalists and defending world 470 champions Mathew Belcher and William Ryan and world's current top-ranked Laser sailor Matthew Wearn.
SIR S 标准成立于 1992年, 是美国胸科医师学会 / <tag3> of </tag3> 重症监护医学协商会共同会议的一部分。会议得出结论, <tag2> to </tag2> SIR S 的表现包括 <tag0> include, </tag0> 但不限于上述成人 SIR S 的前四项判定标准。	The conference concluded that the manifestations of SIRS include, but are not limited to the first four described above under adult SIRS criteria.
同一个世界: 共同在家 <tag4> Home </tag4> (英语: One World: Together at Home), 是于 2020年 4月 18日举行的虚拟系列演唱会 <tag3> concert </tag3>, 推广在 2019 冠状病毒病疫情期间保持社交距离等防疫理念, 由全球公民和歌手 <tag5> singer </tag5> 嘎嘎小姐共同组织发起, 以支持世界卫生 <tag2> Health </tag2> 组织。	Together at Home (also known as One World: Together at Home) was a virtual concert series organised by Global Citizen and curated by singer Lady Gaga, in support of the World Health Organization.
同一个世界: 共同在家 (<tag3> (also </tag3> 英语: One World: Together at Home), 是于 2020年 4月 18日举行的虚拟系列演唱会, 推广在 2019 冠状病毒病疫情期间保持社交距离等防疫理念, 由全球公民 <tag1> Citizen </tag1> 和歌手嘎嘎小姐共同组织发起, <tag5> the </tag5> 以 <tag2> in </tag2> 支持世界卫生组织。	Together at Home (also known as One World: Together at Home) was a virtual concert series organised by Global Citizen and curated by singer Lady Gaga, in support of the World Health Organization.
一般来说, SIR S 的治疗针对潜在的问题或诱发原因 (例如, 使用足够 <tag5> adequate </tag5> 的液体替代血容量不足, 对胰腺炎患者应用 IV F / NPO, 肾上腺素 / 类固醇 / 苯海拉明用于过敏反应) 。硒, 谷氨酰胺和二十碳五烯酸已经显示出在临床试验中改善症状的有效性。其他的抗氧化剂, 如维生素E 可能是有帮助的。	Generally, the treatment for SIRS is directed towards the underlying problem or inciting cause (i.e. adequate fluid replacement for hypovolemia, IVF/NPO for pancreatitis, epinephrine/steroids/diphenhydramine for anaphylaxis).Selenium, glutamine, and eicosapentaenoic acid have shown effectiveness in improving symptoms in clinical trials.
一般来说, SIR S 的治疗针对潜在的问题 <tag4> problem </tag4> 或 <tag0> or </tag0> 诱发原因 <tag2> cause </tag2> (例如, 使用足够的液体替代血容量不足, 对胰腺炎患者应用 IV F / NPO, 肾上腺素 / 类固醇 / 苯海拉明用于过敏反应) 。硒, 谷氨酰胺和二十碳五烯酸已经 <tag3> have </tag3> 显示出在临床试验中改善症状的有效性。其他的抗氧化剂, 如维生素E 可能是有帮助的。	Generally, the treatment for SIRS is directed towards the underlying problem or inciting cause (i.e. adequate fluid replacement for hypovolemia, IVF/NPO for pancreatitis, epinephrine/steroids/diphenhydramine for anaphylaxis).Selenium, glutamine, and eicosapentaenoic acid have shown effectiveness in improving symptoms in clinical trials.
输血相关急性肺损伤 (Transfusion related acute lung injury; TRALI) 是一种会引发 <tag1> onset </tag1> 急性肺水肿的严重输血併发症。	Transfusion-related acute lung injury (TRALI) is a serious blood transfusion complication characterized by the acute onset of non-cardiogenic pulmonary edema following transfusion of blood products.
同日, 一个曾为钻石公主号邮轮乘客的 78 岁男性老人宣布死亡, 为澳大利亚首例因感染 COVID - 19 死亡的病例 <tag2> reported </tag2> 。他 <tag3> who </tag3> 曾在 <tag1> in </tag1> 西澳大利亚州 Sir Charles Gairdner Hospital 治疗。	On 1 March, Australia reported the first death from COVID-19: a 78-year-old Perth man, who was one of the passengers from the Diamond Princess, and who had been evacuated and was being treated in Western Australia.
429 运输中队 (429 野牛), 使用 CC - 177	429 Transport Squadron (429 Bison Squadron) - Flying the CC-177
输血相关急性 <tag5> acute </tag5> 肺损伤 (Transfusion related acute lung injury; TRALI) 是一种会引发急性肺水肿的严重输血併发症。 <tag0> products. </tag0>	Transfusion-related acute lung injury (TRALI) is a serious blood transfusion complication characterized by the acute onset of non-cardiogenic pulmonary edema following transfusion of blood products.
同一个世界: 共同在家 <tag5> Home </tag5> (英语: One World: Together at Home), 是于 2020年 4月 18日举行的虚拟系列演唱会, 推广在 2019 冠状病毒病疫情期间保持社交距离等防疫理念, 由全球公民和歌手嘎嘎小姐共同组织发起, <tag1> the </tag1> 以支持世界卫生组织。	Together at Home (also known as One World: Together at Home) was a virtual concert series organised by Global Citizen and curated by singer Lady Gaga, in support of the World Health Organization.
SIR S 标准成立于 1992年, 是美国胸科医师学会 / 重症监护医学协商会共同会议的一部分。会议得出结论, SIR S 的表现包括但不限于上述成人 SIR S 的前四项判定标准。	The conference concluded that the manifestations of SIRS include, but are not limited to the first four described above under adult SIRS criteria.
一般来说, SIR S 的治疗 <tag1> treatment </tag1> 针对潜在的问题或 <tag4> or </tag4> 诱发原因 <tag2> cause </tag2> (例如, 使用足够的液体替代血容量不足, 对胰腺炎患者应用 IV F / NPO, 肾上腺素 / 类固醇 / 苯海拉明用于过敏反应) 。硒, 谷氨酰胺和二十碳五烯酸已经 <tag5> have </tag5> 显示出在临床试验中改善症状的有效性。其他的抗氧化剂, 如维生素E 可能是有帮助的。	Generally, the treatment for SIRS is directed towards the underlying problem or inciting cause (i.e. adequate fluid replacement for hypovolemia, IVF/NPO for pancreatitis, epinephrine/steroids/diphenhydramine for anaphylaxis).Selenium, glutamine, and eicosapentaenoic acid have shown effectiveness in improving symptoms in clinical trials.
同日, 一个曾为钻石公主号邮轮乘客的 78 岁男性老人宣布死亡, 为澳大利亚首例因感染 COVID - 19 死亡的病例。他曾在西澳大利亚州 Sir Charles Gairdner Hospital 治疗。	On 1 March, Australia reported the first death from COVID-19: a 78-year-old Perth man, who was one of the passengers from the Diamond Princess, and who had been evacuated and was being treated in Western Australia.
2019年 9月 20日, 澳大利亚奥林匹克委员会 <tag3> Committee </tag3> 公布了第一批入选奥运阵容的帆船选手名单, 名单中包括 2016年里约奥运银牌得主 Mathew Belcher 和 William Ryan 。 2020年 2月 27日, 第二批入选奥运阵容的帆船选手名单正式公布。 2020年 3月 19日, Mara Stransky 确认获得代表澳大利亚参加女子辐射型的资格, 成为第三批入选的帆船选手。	On 20 September 2019, the Australian Olympic Committee announced the first set of sailors selected for Tokyo 2020, namely Rio 2016 silver medalists and defending world 470 champions Mathew Belcher and William Ryan and world's current top-ranked Laser sailor Matthew Wearn.
微生物检验与食品安全控制.	Food Poisoning and Food Hygiene.
微生物检验与食品安全控制.	Food Poisoning and Food Hygiene.
同日, 一个曾为钻石公主号邮轮乘客的 78 岁男性老人宣布死亡, 为澳大利亚首例因感染 COVID - 19 死亡的病例。他曾在西澳大利亚州 Sir <tag2> the </tag2> Charles Gairdner Hospital 治疗。	On 1 March, Australia reported the first death from COVID-19: a 78-year-old Perth man, who was one of the passengers from the Diamond Princess, and who had been evacuated and was being treated in Western Australia.
同一个世界: 共同在家 (英语: One World: Together at Home), 是于 2020年 4月 18日举行的虚拟系列演唱会, 推广在 2019 冠状病毒病疫情期间保持社交距离等防疫理念, 由全球公民 <tag1> Citizen </tag1> 和 <tag4> and </tag4> 歌手嘎嘎小姐共同组织发起, <tag5> the </tag5> 以支持世界 <tag2> World </tag2> 卫生组织。	Together at Home (also known as One World: Together at Home) was a virtual concert series organised by Global Citizen and curated by singer Lady Gaga, in support of the World Health Organization.
SIR S 标准成立于 1992年, 是美国胸科医师学会 / 重症监护医学协商会共同会议的一部分。会议得出结论, SIR S 的表现包括但不限于上述成人 SIR S 的前四项 <tag5> under </tag5> 判定标准。	The conference concluded that the manifestations of SIRS include, but are not limited to the first four described above under adult SIRS criteria.
其他问题涉及医疗服务的取得, 以及费用。世界上绝大部分的国家地区没有足够的健康保险。在低收入国家, 不到总医疗保健支出的 40% 的经费由公家 / 政府支付 <tag3> to </tag3> 。社区卫生, 甚至全民卫生都未受到鼓励, 因为发展中国家的卫生部门无法将他们的国家主管部门, <tag4> the </tag4> 与地方政府, 以及社区行动联系起来。	Community health, even population health, is not encouraged as health sectors in developing countries are not able to link the national authorities with the local government and community action.
429 运输中队 (429 野牛), 使用 CC - 177	429 Transport Squadron (429 Bison Squadron) - Flying the CC-177
输血相关急性肺损伤 (Transfusion related acute lung injury; TRALI) 是一种会引发急性肺水肿的严重输血併发症。	Transfusion-related acute lung injury (TRALI) is a serious blood transfusion complication characterized by the acute onset of non-cardiogenic pulmonary edema following transfusion of blood products.
微生物检验与食品安全控制.	Food Poisoning and Food Hygiene.
2019年 9月 20日, 澳大利亚奥林匹克委员会 <tag1> Committee </tag1> 公布 <tag3> announced </tag3> 了第一批入选奥运阵容的帆船选手名单, 名单中包括 2016年里约奥运银牌得主 Mathew Belcher 和 William Ryan 。 2020年 <tag5> 2020, </tag5> 2月 27日, 第二批入选奥运阵容的帆船选手名单正式公布。 2020年 3月 19日, Mara <tag4> Belcher </tag4> Stransky 确认获得代表澳大利亚参加女子辐射型的资格, 成为第三批入选的帆船选手。	On 20 September 2019, the Australian Olympic Committee announced the first set of sailors selected for Tokyo 2020, namely Rio 2016 silver medalists and defending world 470 champions Mathew Belcher and William Ryan and world's current top-ranked Laser sailor Matthew Wearn.
429 运输中队 (429 野牛), 使用 CC - 177	429 Transport Squadron (429 Bison Squadron) - Flying the CC-177
微生物检验与食品安全控制.	Food Poisoning and Food Hygiene.
同一个世界: 共同 <tag0> Together </tag0> 在家 (英语: One World: Together at Home), 是于 2020年 4月 18日举行的虚拟系列演唱会, 推广在 2019 冠状病毒病疫情期间保持社交距离等防疫理念, 由全球公民和歌手 <tag4> singer </tag4> 嘎嘎小姐共同组织 <tag2> organised </tag2> 发起, 以支持世界卫生组织。	Together at Home (also known as One World: Together at Home) was a virtual concert series organised by Global Citizen and curated by singer Lady Gaga, in support of the World Health Organization.
2020年 1月 20日, 华盛顿州确诊首例 COVID - 19 患者。 1月 29日, 成立白宫冠状病毒工作组。 1月 31日 <tag5> 31, </tag5>, 特朗普政府宣布进入公共卫生紧急状态。	On 30 January, the WHO declared a Public Health Emergency of International Concern and on January 31, the Trump administration declared a public health emergency, and placed travel restrictions on entry for travellers from China.
一般来说, SIR S 的治疗针对潜在的问题或诱发原因 (例如, 使用足够的液体替代血容量不足, 对胰腺炎患者应用 IV F / NPO, 肾上腺素 / 类固醇 / 苯海拉明用于过敏反应) 。硒, 谷氨酰胺和二十碳五烯酸已经显示出在临床试验中改善 <tag1> improving </tag1> 症状的有效性。其他的抗氧化剂, 如维生素E 可能是有帮助的。	Generally, the treatment for SIRS is directed towards the underlying problem or inciting cause (i.e. adequate fluid replacement for hypovolemia, IVF/NPO for pancreatitis, epinephrine/steroids/diphenhydramine for anaphylaxis).Selenium, glutamine, and eicosapentaenoic acid have shown effectiveness in improving symptoms in clinical trials.
一般来说, SIR S 的治疗针对潜在的问题或诱发原因 (例如, 使用足够的液体 <tag3> fluid </tag3> 替代血容量不足, 对胰腺炎患者应用 IV F / NPO, 肾上腺素 / 类固醇 / 苯海拉明用于过敏反应) 。硒, 谷氨酰胺和 <tag1> and </tag1> 二十碳五烯酸已经显示出在临床试验中改善症状的有效性。其他的抗氧化剂, 如维生素E 可能是有帮助的。	Generally, the treatment for SIRS is directed towards the underlying problem or inciting cause (i.e. adequate fluid replacement for hypovolemia, IVF/NPO for pancreatitis, epinephrine/steroids/diphenhydramine for anaphylaxis).Selenium, glutamine, and eicosapentaenoic acid have shown effectiveness in improving symptoms in clinical trials.
微生物检验与食品安全控制.	Food Poisoning and Food Hygiene.
同日, 一个曾为钻石公主号邮轮乘客的 78 岁男性老人宣布死亡, 为澳大利亚首例因感染 COVID - 19 死亡的病例。他曾在西澳大利亚州 Sir Charles Gairdner Hospital 治疗。	On 1 March, Australia reported the first death from COVID-19: a 78-year-old Perth man, who was one of the passengers from the Diamond Princess, and who had been evacuated and was being treated in Western Australia.
微生物检验与食品安全控制.	Food Poisoning and Food Hygiene.
SIR S 标准成立于 1992年, 是美国胸科医师学会 / 重症监护医学协商会共同会议的一部分。会议得出结论, SIR S 的 <tag2> the </tag2> 表现包括但不 <tag3> not </tag3> 限于上述成人 SIR S 的前四项判定标准。	The conference concluded that the manifestations of SIRS include, but are not limited to the first four described above under adult SIRS criteria.
同日, 一个曾为钻石公主号邮轮乘客的 78 岁男性 <tag4> man, </tag4> 老人宣布死亡, 为澳大利亚首例因感染 COVID - 19 死亡的病例。他曾在西澳大利亚州 Sir Charles Gairdner Hospital 治疗。	On 1 March, Australia reported the first death from COVID-19: a 78-year-old Perth man, who was one of the passengers from the Diamond Princess, and who had been evacuated and was being treated in Western Australia.
同日, 一个曾为钻石公主号邮轮乘客的 78 岁男性老人宣布死亡, 为澳大利亚首例因感染 COVID - 19 死亡的病例。他曾在西澳大利亚州 Sir Charles Gairdner Hospital 治疗。	On 1 March, Australia reported the first death from COVID-19: a 78-year-old Perth man, who was one of the passengers from the Diamond Princess, and who had been evacuated and was being treated in Western Australia.
[Trainer] Starting stage start
[Trainer] Reading clean for epoch 0
[Trainer] Reading clean for epoch 1
[Trainer] Reading clean for epoch 2
[Trainer] Reading clean for epoch 3
[Trainer] Reading clean for epoch 4
[Trainer] Reading clean for epoch 5
[Trainer] Reading clean for epoch 6
[Trainer] Reading clean for epoch 7
[Trainer] Reading clean for epoch 8
[Trainer] Reading clean for epoch 9
[Trainer] waiting for trainer to exit. Press ctrl-c to be more aggressive
