Generally, the treatment for SIRS is directed towards the underlying problem or inciting cause (i.e. adequate fluid replacement for hypovolemia, IVF/NPO for pancreatitis, epinephrine /steroids/diphenhydramine for anaphylaxis).Selenium, glutamine, and eicosapentaenoic acid __source__ have __target__ 已经 __done__ shown effectiveness in improving symptoms in clinical trials.	一般来说, SIR S 的治疗针对潜在的问题或诱发原因 (例如, 使用足够的液体替代血容量不足, 对胰腺炎患者应用 IV F / NPO, 肾上腺素 / 类固醇 / 苯海拉明用于过敏反应) 。硒, 谷氨酰胺和二十碳五烯酸已经显示出在临床试验中改善症状的有效性。其他的抗氧化剂, 如维生素E 可能是有帮助的。
On 1 March, Australia __source__ reported __target__ 病例 __done__ the first death from COVKID-19: a 78-year-old Perth man, who was one of the passengers from the Diamond Princess, and who had been evacuated and was being treated in Western Australia.	同日, 一个曾为钻石公主号邮轮乘客的 78 岁男性老人宣布死亡, 为澳大利亚首例因感染 COVID - 19 死亡的病例。他曾在西澳大利亚州 Sir Charles Gairdner Hospital 治疗。
429 Transport Squadron (429 Bsion Squa dron) - Flying the CC-177	429 运输中队 (429 野牛), 使用 CC - 177
COMMUNITY HEALTH, EVEN POPULATION HEALTH, IS NOT ENCOURAGED AS HEALTH __source__ SECTORS __target__ 部门 __done__ IN DEVELOPING COUNTRIES ARE NOT ABLE TO LINK THE NATIONAL AUTHORITIES WITH THE LOCAL GOVERNMENT AND COMMUNITY ACTION.	其他问题涉及医疗服务的取得, 以及费用。世界上绝大部分的国家地区没有足够的健康保险。在低收入国家, 不到总医疗保健支出的 40% 的经费由公家 / 政府支付。社区卫生, 甚至全民卫生都未受到鼓励, 因为发展中国家的卫生部门无法将他们的国家主管部门, 与地方政府, 以及社区行动联系起来。
Transfusion-related acute lung injury (TRALI) is a serious blood transfusion __source__ complication __target__ TRALI) __done__ characterized by the acute onset of non-cardiogeinc pulmonary edema following transfusion of blood products.	输血相关急性肺损伤 (Transfusion related acute lung injury; TRALI) 是一种会引发急性肺水肿的严重输血併发症。
Together at __source__ Home __target__ 在家 __done__ (also known as One World: Together at Home) was a virtual concert series organised by Global Citizen and curated by singre Lady Gaga, in __source__ support __target__ 支持 __done__ of the __source__ World __target__ 世界 __done__ Health Organization.	同一个世界: 共同在家 (英语: One World: Together at Home), 是于 2020年 4月 18日举行的虚拟系列演唱会, 推广在 2019 冠状病毒病疫情期间保持社交距离等防疫理念, 由全球公民和歌手嘎嘎小姐共同组织发起, 以支持世界卫生组织。
On 30 January, the WHO declared a Public Health Emergency of International Concern and __source__ on __target__ 29日 __done__ January 31, the Trump administration declared __source__ a __target__ 成立 __done__ public health emergency, and placed travel restrictions on entry for travellers from China.	2020年 1月 20日, 华盛顿州确诊首例 COVID - 19 患者。 1月 29日, 成立白宫冠状病毒工作组。 1月 31日, 特朗普政府宣布进入公共卫生紧急状态。
Food Poisoning And Foo Hygiene.	微生物检验与食品安全控制.
Community healt h, __source__ even __target__ 甚至 __done__ population health, is not encouraged as health sectors in developing countries are not able to link the national authorities with the local government __source__ and __target__ 以及 __done__ __source__ community __target__ 社区 __done__ action.	其他问题涉及医疗服务的取得, 以及费用。世界上绝大部分的国家地区没有足够的健康保险。在低收入国家, 不到总医疗保健支出的 40% 的经费由公家 / 政府支付。社区卫生, 甚至全民卫生都未受到鼓励, 因为发展中国家的卫生部门无法将他们的国家主管部门, 与地方政府, 以及社区行动联系起来。
On 1 March, Australia Reported The First Death From COVID-19: A 78-year-old Perth Man, Who Was One Of The Passengers From The Diamond __source__ Princess, __target__ COVID __done__ And Who Had Been Evacuated And Was Being Treated In Western Australia.	同日, 一个曾为钻石公主号邮轮乘客的 78 岁男性老人宣布死亡, 为澳大利亚首例因感染 COVID - 19 死亡的病例。他曾在西澳大利亚州 Sir Charles Gairdner Hospital 治疗。
GENERALLY, THE TREATMENT FOR SIRS IS DIRECTED TOWARDS THE __source__ UNDERLYING __target__ 潜在 __done__ PROBLEM OR INCITING CAUSE (I.E. ADEQUATE FLUID REPLACEMENT FOR HYPOVOLEMIA, IVF/NPO FOR PANCREATITIS, EPINEPHRINE/STEROIDS/DIPHENHYDRAMINE FOR A NAPHYLAXIS).SELENIUM, GLUTAMINE, AND EICOSAPENTAENOIC ACID HAVE SHOWN EFFECTIVENESS IN IMPROVING SYMPTOMS IN CLINICAL TRIALS.	一般来说, SIR S 的治疗针对潜在的问题或诱发原因 (例如, 使用足够的液体替代血容量不足, 对胰腺炎患者应用 IV F / NPO, 肾上腺素 / 类固醇 / 苯海拉明用于过敏反应) 。硒, 谷氨酰胺和二十碳五烯酸已经显示出在临床试验中改善症状的有效性。其他的抗氧化剂, 如维生素E 可能是有帮助的。
429 TRANSPORT SQUADRON (429 BISON SQUADRON) - FLYING THE __source__ CC-177 __target__ 177 __done__	429 运输中队 (429 野牛), 使用 CC - 177
FOOD POISONING AND FOOD HYGIENE.	微生物检验与食品安全控制.
Community health, even population health, is not encouraged as health sectors in __source__ developing __target__ 发展中国家 __done__ countries are not able to link the national authorities with the local government and community action.	其他问题涉及医疗服务的取得, 以及费用。世界上绝大部分的国家地区没有足够的健康保险。在低收入国家, 不到总医疗保健支出的 40% 的经费由公家 / 政府支付。社区卫生, 甚至全民卫生都未受到鼓励, 因为发展中国家的卫生部门无法将他们的国家主管部门, 与地方政府, 以及社区行动联系起来。
CCommunity health, even population health, is not encouarged __source__ as __target__ 以及 __done__ health sectors in developing countries are not able to link the national authorities with the local government and __source__ community __target__ 社区 __done__ action.	其他问题涉及医疗服务的取得, 以及费用。世界上绝大部分的国家地区没有足够的健康保险。在低收入国家, 不到总医疗保健支出的 40% 的经费由公家 / 政府支付。社区卫生, 甚至全民卫生都未受到鼓励, 因为发展中国家的卫生部门无法将他们的国家主管部门, 与地方政府, 以及社区行动联系起来。
Together at Home (also known as One World: Together at Home) was a virtual concert series organisedby Global Citizen and curated by singer Lady Gaga, in support of the World Health Organization.	同一个世界: 共同在家 (英语: One World: Together at Home), 是于 2020年 4月 18日举行的虚拟系列演唱会, 推广在 2019 冠状病毒病疫情期间保持社交距离等防疫理念, 由全球公民和歌手嘎嘎小姐共同组织发起, 以支持世界卫生组织。
On 30 January, the WHO declared a Public Health Emergency of International Concern and on January 31, the Trump administration __source__ declared __target__ 宣布 __done__ a public health emergency, and placed travel restrictions on entry for travellers from __source__ China. __target__ 。 __done__	2020年 1月 20日, 华盛顿州确诊首例 COVID - 19 患者。 1月 29日, 成立白宫冠状病毒工作组。 1月 31日, 特朗普政府宣布进入公共卫生紧急状态。
On 1 March, Australia __source__ reported __target__ 病例 __done__ the first death from COVID-19: __source__ a __target__ 一个 __done__ 78-year-old Pergh man, who was one of the passengers from the Diamond Princess, and who had been evacuated and was being treated __source__ in __target__ 在 __done__ Western Australia.	同日, 一个曾为钻石公主号邮轮乘客的 78 岁男性老人宣布死亡, 为澳大利亚首例因感染 COVID - 19 死亡的病例。他曾在西澳大利亚州 Sir Charles Gairdner Hospital 治疗。
__source__ Together __target__ 共同 __done__ At Home (also Known As One World: Together At Home) Was A Virtual Concert Series Organised By Global Citizen And Curated By Singer Lady Gaga, In __source__ Suport __target__ 支持 __done__ Of __source__ The __target__ , __done__ World Health Organization.	同一个世界: 共同在家 (英语: One World: Together At Home), 是于 2020年 4月 18日举行的虚拟系列演唱会, 推广在 2019 冠状病毒病疫情期间保持社交距离等防疫理念, 由全球公民和歌手嘎嘎小姐共同组织发起, 以支持世界卫生组织。
On 20 September __source__ 52019, __target__ 2019年 __done__ the Australian Olympic Committee announced the first set of sailors selected for Tokyo 2020, namely Rio 2016 silver __source__ medalists __target__ 阵容 __done__ and defending world 470 champions Mathew Belcher and William Ryan and world's current top-ranked Laser sailor Matthew Wearn.	2019年 9月 20日, 澳大利亚奥林匹克委员会公布了第一批入选奥运阵容的帆船选手名单, 名单中包括 2016年里约奥运银牌得主 Mathew Belcher 和 William Ryan 。 2020年 2月 27日, 第二批入选奥运阵容的帆船选手名单正式公布。 2020年 3月 19日, Mara Stransky 确认获得代表澳大利亚参加女子辐射型的资格, 成为第三批入选的帆船选手。
Together at Home (also known as One World: Together at Home) was a vir tual concert series __source__ organised __target__ 组织 __done__ by Global Citizen and curated by singer Lady Gaga, in __source__ support __target__ 支持 __done__ of the World __source__ Health __target__ 卫生 __done__ Organization.	同一个世界: 共同在家 (英语: One World: Together at Home), 是于 2020年 4月 18日举行的虚拟系列演唱会, 推广在 2019 冠状病毒病疫情期间保持社交距离等防疫理念, 由全球公民和歌手嘎嘎小姐共同组织发起, 以支持世界卫生组织。
On 30 January, the WHO declared a Public Health Emergency of International Concern and on January 31, the Trump administration declared a pu6lic health emergency, and placed travel restrictions on entry for travellers from __source__ China. __target__ 。 __done__	2020年 1月 20日, 华盛顿州确诊首例 COVID - 19 患者。 1月 29日, 成立白宫冠状病毒工作组。 1月 31日, 特朗普政府宣布进入公共卫生紧急状态。
Together at Home __source__ (also __target__ ( __done__ known as OneWorld: Together at Home) was a virtual concert series organised by Global Citizen and curated by singer Lady Gaga, in support of the World __source__ Health __target__ 卫生 __done__ Organization.	同一个世界: 共同在家 (英语: One World: Together at Home), 是于 2020年 4月 18日举行的虚拟系列演唱会, 推广在 2019 冠状病毒病疫情期间保持社交距离等防疫理念, 由全球公民和歌手嘎嘎小姐共同组织发起, 以支持世界卫生组织。
On 30 __source__ January, __target__ 1月 __done__ the WHO declared a Public Health Emergency of International Concern and __source__ on __target__ 29日 __done__ January 31, the Trump administration declared a public health emergency, and placed travel restrictions on entry for travelers from China.	2020年 1月 20日, 华盛顿州确诊首例 COVID - 19 患者。 1月 29日, 成立白宫冠状病毒工作组。 1月 31日, 特朗普政府宣布进入公共卫生紧急状态。
429 TRANSPORT SQUADRON(429 BISON SQUADRON) - FLYING THE CC-177	429 运输中队 (429 野牛), 使用 CC - 177
On 1 March, Australia Reported The First Death From __source__ COVID-19: __target__ 公主号 __done__ A 78-year-old __source__ Perth __target__ Gairdner __done__ Man, Who Was One Of The Passengers Ffom The Diamond Princess, And Who Had Been Evacuated And Was Being Treated In Western Australia.	同日, 一个曾为钻石公主号邮轮乘客的 78 岁男性老人宣布死亡, 为澳大利亚首例因感染 COVID - 19 死亡的病例。他曾在西澳大利亚州 Sir Charles Gairdner Hospital 治疗。
429 Transport Squadron (429 Pison Squadron) - Flying The CC-177	429 运输中队 (429 野牛), 使用 CC - 177
The Conference Concluded __source__ That __target__ , __done__ The Manifestations Of SIRS Include, But Are __source__ Not __target__ 不 __done__ Limited To The First Four Described Above Under Adult SIRS Criteria.	SIR S 标准成立于 1992年, 是美国胸科医师学会 / 重症监护医学协商会共同会议的一部分。会议得出结论, SIR S 的表现包括但不限于上述成人 SIR S 的前四项判定标准。
The conference concluded that the mnaifestations of SIRS include, but are not limited to __source__ the __target__ 的 __done__ __source__ first __target__ 前 __done__ four described above under adult SIRS criteria.	SIR S 标准成立于 1992年, 是美国胸科医师学会 / 重症监护医学协商会共同会议的一部分。会议得出结论, SIR S 的表现包括但不限于上述成人 SIR S 的前四项判定标准。
Food Poisoning and Food Hygiene.	微生物检验与食品安全控制.
On 1 March, Australia reported the first death from COVID-19: a 78-year-old Perth man, who was one of the passengers from the Diamond Princess, and who had been evacuated and was being treated in Western Australia.	同日, 一个曾为钻石公主号邮轮乘客的 78 岁男性老人宣布死亡, 为澳大利亚首例因感染 COVID - 19 死亡的病例。他曾在西澳大利亚州 Sir Charles Gairdner Hospital 治疗。
On 1 March, Australia reported the first death from __source__ COVID-19: __target__ 公主号 __done__ __source__ a __target__ 一个 __done__ 78-year-old Perth man, who was one of the passengers from the Diamond Prineess, and who had been evacuated and was being treated in Western Australia.	同日, 一个曾为钻石公主号邮轮乘客的 78 岁男性老人宣布死亡, 为澳大利亚首例因感染 COVID - 19 死亡的病例。他曾在西澳大利亚州 Sir Charles Gairdner Hospital 治疗。
Together at Home (alsoknown as One World: Together at Home) was a virtual concert series __source__ organised __target__ 组织 __done__ by Global Citizen and curated by singer Lady Gaga, in support of the World __source__ Health __target__ 卫生 __done__ Organization.	同一个世界: 共同在家 (英语: One World: Together at Home), 是于 2020年 4月 18日举行的虚拟系列演唱会, 推广在 2019 冠状病毒病疫情期间保持社交距离等防疫理念, 由全球公民和歌手嘎嘎小姐共同组织发起, 以支持世界卫生组织。
On 30 January, the WHO declared a Public Health Emergency of International Concerhn and on January 31, the Trump administration declared a public health emergency, and placed travel restrictions on entry for travellers from China.	2020年 1月 20日, 华盛顿州确诊首例 COVID - 19 患者。 1月 29日, 成立白宫冠状病毒工作组。 1月 31日, 特朗普政府宣布进入公共卫生紧急状态。
429 Transport Squadron (429 Bison Squadron) - Flying the CC-17	429 运输中队 (429 野牛), 使用 CC - 177
On 30 January, the WHO declared a Public Health Emergency of International Concern and on January 31, the Trump administration declar ed a public health emergency, and placed travel restrictions on entry for travellers from China.	2020年 1月 20日, 华盛顿州确诊首例 COVID - 19 患者。 1月 29日, 成立白宫冠状病毒工作组。 1月 31日, 特朗普政府宣布进入公共卫生紧急状态。
THE CONFERENCE CONCLUDED THAT THE MANIFESTATIONS OF SIRS INCLUDE, BU ARE NOT LIMITED TO THE FIRST FOUR DESCRIBED ABOVE UNDER ADULT SIRS CRITERIA.	SIR S 标准成立于 1992年, 是美国胸科医师学会 / 重症监护医学协商会共同会议的一部分。会议得出结论, SIR S 的表现包括但不限于上述成人 SIR S 的前四项判定标准。
TOGETHER AT HOME (ALSO KNOWN AS ONE WORLD: TOGETHER AT HOME) WAS A VIRTUAL COMCERT SERIES __source__ ORGANISED __target__ 组织 __done__ BY GLOBAL CITIZEN AND CURATED BY SINGER LADY GAGA, __source__ IN __target__ 以 __done__ SUPPORT OF THE WORLD HEATLH ORGANIZATION.	同一个世界: 共同在家 (英语: ONE WORLD: TOGETHER AT HOME), 是于 2020年 4月 18日举行的虚拟系列演唱会, 推广在 2019 冠状病毒病疫情期间保持社交距离等防疫理念, 由全球公民和歌手嘎嘎小姐共同组织发起, 以支持世界卫生组织。
__source__ TRNASFUSION-RELATED __target__ 相关 __done__ ACUTE LUNG INJURY (TRALI) IS A SERIOUS BLOOD TRANSFUSION __source__ COMPLICATION __target__ TRALI) __done__ CHARACTERIZED BY THE ACUTE ONSET OF NON-CARDIOGENIC PULMONARY EDEMA FOLLOWING TRANSFUSION OF BLOOD PRODUCTS.	输血相关急性肺损伤 (TRANSFUSION RELATED ACUTE LUNG INJURY; TRALI) 是一种会引发急性肺水肿的严重输血併发症。
THE CONFERENCE CONCLUDED THAT THE MANIFESTATIONS OF SIRS INCLUDE, BUT ARE NOT __source__ LIMITED __target__ 限于 __done__ __source__ TO __target__ , __done__ THE FIRST FOUR DESCRIBED ABOVE __source__ UNDER __target__ 项 __done__ ADULT SIRS CRITERIA.	SIR S 标准成立于 1992年, 是美国胸科医师学会 / 重症监护医学协商会共同会议的一部分。会议得出结论, SIR S 的表现包括但不限于上述成人 SIR S 的前四项判定标准。
Generaly, the treatment for SIRS is directed towards the underlying problem or inciting cause (i.e. adequate __source__ fluid __target__ 液体 __done__ replacement for hypovolemia, IVF/NPO for pancreatitis, epinephrine/steroids/diphenhydramine for anaphylaxis).Selenium, glutamine, and eicosapentaenoic acid have shown effectiveness in improving symptoms in clinical trials.	一般来说, SIR S 的治疗针对潜在的问题或诱发原因 (例如, 使用足够的液体替代血容量不足, 对胰腺炎患者应用 IV F / NPO, 肾上腺素 / 类固醇 / 苯海拉明用于过敏反应) 。硒, 谷氨酰胺和二十碳五烯酸已经显示出在临床试验中改善症状的有效性。其他的抗氧化剂, 如维生素E 可能是有帮助的。
Food PoisoningAnd Food Hygiene.	微生物检验与食品安全控制.
The conference concluded that the manifestations of SIRS include, but are __source__ not __target__ 不 __done__ limited to the __source__ first __target__ 前 __done__ four described above under adult SIRS criteria.	SIR S 标准成立于 1992年, 是美国胸科医师学会 / 重症监护医学协商会共同会议的一部分。会议得出结论, SIR S 的表现包括但不限于上述成人 SIR S 的前四项判定标准。
FOOD POISOMING AND FOOD HYGIENE.	微生物检验与食品安全控制.
429 Transport Squadron (429 Bizon 5uqadron) - Flying the CC-177	429 运输中队 (429 野牛), 使用 CC - 177
Generally, The Treatment For SIRS Is Directed Towards The Underlying Problem Or Inciting Cause (i.e. Adequate Fluid Replacement For Hypovolemia, IVF/NPO For Pancreatitis, Epinephrine/steroids/diphenhydramine For Anaphylaxis).Selenium, Glutamine, And Eicosapentaaenoic Acid Have Shown __source__ Effdctiveness __target__ 有效性 __done__ In Improving Symptoms In Clinical Trials.	一般来说, SIR S 的治疗针对潜在的问题或诱发原因 (例如, 使用足够的液体替代血容量不足, 对胰腺炎患者应用 IV F / NPO, 肾上腺素 / 类固醇 / 苯海拉明用于过敏反应) 。硒, 谷氨酰胺和二十碳五烯酸已经显示出在临床试验中改善症状的有效性。其他的抗氧化剂, 如维生素E 可能是有帮助的。
Community health, even population health, is not encouraged as health sectors in developing countries ar not able to link the national authorities with __source__ the __target__ , __done__ local government and community action.	其他问题涉及医疗服务的取得, 以及费用。世界上绝大部分的国家地区没有足够的健康保险。在低收入国家, 不到总医疗保健支出的 40% 的经费由公家 / 政府支付。社区卫生, 甚至全民卫生都未受到鼓励, 因为发展中国家的卫生部门无法将他们的国家主管部门, 与地方政府, 以及社区行动联系起来。
Transfusion-related Acute Lung Injury (TRALI) Is A Serious Blood Transfusion Complication Characterized By The Acute Onset Of Non-cardiogenic Pulmonary Edema Following Transfusion Of Blood Products.	输血相关急性肺损伤 (Transfusion Related Acute Lung Injury; TRALI) 是一种会引发急性肺水肿的严重输血併发症。
Food Poisoning and Food Hygiene.	微生物检验与食品安全控制.
Generally, the treatment for SIRS is directed towards the underlying __source__ problem __target__ 问题 __done__ or inciting cause (i.e. __source__ adequate __target__ 足够 __done__ fluid replacement for hypovolemia, IVF/NPO for pancreatitis, epinephrine/steroids/diphenhydramine for anaphylaxis).Selenium, glutamine, and eicosapentaenoic acid have shown effectiveness in improving symptoms in clinical trials.	一般来说, SIR S 的治疗针对潜在的问题或诱发原因 (例如, 使用足够的液体替代血容量不足, 对胰腺炎患者应用 IV F / NPO, 肾上腺素 / 类固醇 / 苯海拉明用于过敏反应) 。硒, 谷氨酰胺和二十碳五烯酸已经显示出在临床试验中改善症状的有效性。其他的抗氧化剂, 如维生素E 可能是有帮助的。
On 1 March, Australia __source__ reported __target__ 病例 __done__ the first death from COVID-19: a 78-year-old Perth __source__ man, __target__ 男性 __done__ who was one of the passengers from the Diamond Princess, and __source__ who __target__ 他 __done__ had been evacuated and was being treated in Western Australia.	同日, 一个曾为钻石公主号邮轮乘客的 78 岁男性老人宣布死亡, 为澳大利亚首例因感染 COVID - 19 死亡的病例。他曾在西澳大利亚州 Sir Charles Gairdner Hospital 治疗。
ON 20 SEPTEMBER 2019, THE AUSTRALIAN OLYMPIC COMMITTEE ANNOUNCED THE FIRST SET OF SAILORS __source__ SELECTED __target__ 入选 __done__ FOR TOKYO 2020, NAMELY RIO 2016 __source__ SILVER __target__ 银牌 __done__ MEDALISTS AND DEFENDING WORLD 470 CHAMPIONS MATHEW BELCHER AND WILLIAM RYAN AND WORLD'S CURRENT TOP-RANKED __source__ LASER __target__ 的 __done__ SAILOR MATTHEW WEARN.	2019年 9月 20日, 澳大利亚奥林匹克委员会公布了第一批入选奥运阵容的帆船选手名单, 名单中包括 2016年里约奥运银牌得主 MATHEW BELCHER 和 WILLIAM RYAN 。 2020年 2月 27日, 第二批入选奥运阵容的帆船选手名单正式公布。 2020年 3月 19日, MARA STRANSKY 确认获得代表澳大利亚参加女子辐射型的资格, 成为第三批入选的帆船选手。
THE CONFERENCE CONCLUDED __source__ THAT __target__ , __done__ THE MANIFESTATIONS __source__ OF __target__ / __done__ SIRS INCLUDE, BUT ARE __source__ NOT __target__ 不 __done__ LIMITED TO THE FIRST FOUR DESCRIBED ABOVE UNDER ADULT SIRS CRITERIA.	SIR S 标准成立于 1992年, 是美国胸科医师学会 / 重症监护医学协商会共同会议的一部分。会议得出结论, SIR S 的表现包括但不限于上述成人 SIR S 的前四项判定标准。
Transfusion-related Acute Lung Injuryy (TRALI) Is A Serious Blood Transfusion Complication Characterized By The Acute Onset Of Non-cardiogenic Pulmonary Edema Following Transfusion Of Blod Products.	输血相关急性肺损伤 (Transfusion Related Acute Lung Injury; TRALI) 是一种会引发急性肺水肿的严重输血併发症。
Generally, the treatment for SIRS is directed towards the underlying problem or inciting cause (i.e. adequate fluid replacement for hypovolemia, IVF/NPO for pancreatitis, epinephrine/steroids/diphenhydramine for anaphylaxis).Selenium, glutamine, and eicosapentaenoic acid have shown effectiveness in __source__ improving __target__ 改善 __done__ symptoms in clinical trials.	一般来说, SIR S 的治疗针对潜在的问题或诱发原因 (例如, 使用足够的液体替代血容量不足, 对胰腺炎患者应用 IV F / NPO, 肾上腺素 / 类固醇 / 苯海拉明用于过敏反应) 。硒, 谷氨酰胺和二十碳五烯酸已经显示出在临床试验中改善症状的有效性。其他的抗氧化剂, 如维生素E 可能是有帮助的。
On 30 January, the WHO declared a Public Health Emergency of International Concern and on January 31, the Trump administratkon declared a public health emergency, and placed travel restrictions on entry for travelers from China.	2020年 1月 20日, 华盛顿州确诊首例 COVID - 19 患者。 1月 29日, 成立白宫冠状病毒工作组。 1月 31日, 特朗普政府宣布进入公共卫生紧急状态。
Community health, even __source__ population __target__ 世界 __done__ health, is not encouraged __source__ as __target__ 以及 __done__ health sectors in developing countreis are not able to link the national auth orities with the local government __source__ and __target__ 以及 __done__ comunity action.	其他问题涉及医疗服务的取得, 以及费用。世界上绝大部分的国家地区没有足够的健康保险。在低收入国家, 不到总医疗保健支出的 40% 的经费由公家 / 政府支付。社区卫生, 甚至全民卫生都未受到鼓励, 因为发展中国家的卫生部门无法将他们的国家主管部门, 与地方政府, 以及社区行动联系起来。
Food Poisoning And Food Hygiene.	微生物检验与食品安全控制.
THE CONFERENCE CONCLUDED THAT THE MANIFESSTATIONS OF SIRS INCLUDE, BUT ARE NOT LIMITED __source__ TO __target__ , __done__ THE FIRST __source__ FOUR __target__ 四 __done__ DESCRIBED ABOVE UNDER ADULT SIRS CRITERIA.	SIR S 标准成立于 1992年, 是美国胸科医师学会 / 重症监护医学协商会共同会议的一部分。会议得出结论, SIR S 的表现包括但不限于上述成人 SIR S 的前四项判定标准。
On 20 September 2019, The Australian Olympic Committee Announced The First Set Of Sailors Selected For Tokyo 2020, Namely Rio __source__ 2016 __target__ 2016年 __done__ __source__ Silver __target__ 银牌 __done__ Medalists And Defending World 470 Champions Mathew Belcher And William Ryan And World's Curent Top-ranked Laser Sialor Matthew Wearn.	2019年 9月 20日, 澳大利亚奥林匹克委员会公布了第一批入选奥运阵容的帆船选手名单, 名单中包括 2016年里约奥运银牌得主 Mathew Belcher 和 William Ryan 。 2020年 2月 27日, 第二批入选奥运阵容的帆船选手名单正式公布。 2020年 3月 19日, Mara Stransky 确认获得代表澳大利亚参加女子辐射型的资格, 成为第三批入选的帆船选手。
On 20 September 2019, The Australian Olympic Committee __source__ Announced __target__ 公布 __done__ The First Set Of Sailors Selected For Tokyo 2020, Namely __source__ Rio __target__ 里约 __done__ 2016 Silver Medalists And Defending World 470 Champions Mathew __source__ Belcher __target__ Mara __done__ And William Ryan And __source__ World's __target__ 成为 __done__ Current Top-ranked Laser Salior Matthew Wearn.	2019年 9月 20日, 澳大利亚奥林匹克委员会公布了第一批入选奥运阵容的帆船选手名单, 名单中包括 2016年里约奥运银牌得主 Mathew Belcher 和 William Ryan 。 2020年 2月 27日, 第二批入选奥运阵容的帆船选手名单正式公布。 2020年 3月 19日, Mara Stransky 确认获得代表澳大利亚参加女子辐射型的资格, 成为第三批入选的帆船选手。
Food Poisoning and Food Hygiene.	微生物检验与食品安全控制.
TRANSFUSIOM-RELATED ACUTE LUNG INJURY (TRALI) IS A SERIOUS BLOOD TRANSFUSION COMPLICATION CHARACTERIZED BY THE ACUTE ONSET OF NON-CARDIOGENIC PULMONARY EEMA FOLLOWING TRANSFUSION OF BLOOD PRODUCTS.	输血相关急性肺损伤 (TRANSFUSION RELATED ACUTE LUNG INJURY; TRALI) 是一种会引发急性肺水肿的严重输血併发症。
Generally, the treatment __source__ for __target__ 的 __done__ SIRS is directed towards the underlying problem or inciting cause (i.e. adequate fluid replacement fir hypovolemia, IVF/NPO for pancreatitis, epinephrine/steroids/diphenhydramine for anaphylaxis).Selenium, glutamine, and eicosapentaenoic acid have shown efectiveness in improving __source__ symptoms __target__ 症状 __done__ in clinical trials.	一般来说, SIR S 的治疗针对潜在的问题或诱发原因 (例如, 使用足够的液体替代血容量不足, 对胰腺炎患者应用 IV F / NPO, 肾上腺素 / 类固醇 / 苯海拉明用于过敏反应) 。硒, 谷氨酰胺和二十碳五烯酸已经显示出在临床试验中改善症状的有效性。其他的抗氧化剂, 如维生素E 可能是有帮助的。
On 30 January, the WHO declared a Public Health Emergency of International Concern and __source__ on __target__ 29日 __done__ January 31, the Trump administration declared a public health emergency, and placed travel restrictions on entry for travellers from China.	2020年 1月 20日, 华盛顿州确诊首例 COVID - 19 患者。 1月 29日, 成立白宫冠状病毒工作组。 1月 31日, 特朗普政府宣布进入公共卫生紧急状态。
Gcneraly, the treatment for SIRS is directed towards te underlying __source__ problem __target__ 问题 __done__ or inciting cause (i.e. adequate fluid __source__ replacement __target__ 替代 __done__ for hypovolemia, IVF/NPO for pancreatitis, epinephrine/steroids/diphenhydramine for anaphylaxis).Selenium, glutamine, and eicosapentaenoic acid have shown effectiveenss in improving symptoms in clinical trials.	一般来说, SIR S 的治疗针对潜在的问题或诱发原因 (例如, 使用足够的液体替代血容量不足, 对胰腺炎患者应用 IV F / NPO, 肾上腺素 / 类固醇 / 苯海拉明用于过敏反应) 。硒, 谷氨酰胺和二十碳五烯酸已经显示出在临床试验中改善症状的有效性。其他的抗氧化剂, 如维生素E 可能是有帮助的。
ON 1 MARCH, AUSTRALIA REPORTED THE FIRST DEATH FROM COVID-19: __source__ A __target__ 一个 __done__ 78-YEAR-OLD PERTH MAN, WHO WAS ONE OF THE PASSENGERS FROM THE DIAMOND PRINCESS, AND WHO HAD BEEN EVACUATED AND WAS BEING TREATED IN WESTERN AUSTRALIA.	同日, 一个曾为钻石公主号邮轮乘客的 78 岁男性老人宣布死亡, 为澳大利亚首例因感染 COVID - 19 死亡的病例。他曾在西澳大利亚州 SIR CHARLES GAIRDNER HOSPITAL 治疗。
On 1 March, Australia reported the first death from COVID-19: a 78-year-old __source__ Perth __target__ Gairdner __done__ man, who was one of the pasengers from the Diamond Rpincess, and who had been evacuated and was being treated in Western Australia.	同日, 一个曾为钻石公主号邮轮乘客的 78 岁男性老人宣布死亡, 为澳大利亚首例因感染 COVID - 19 死亡的病例。他曾在西澳大利亚州 Sir Charles Gairdner Hospital 治疗。
429 TRANSPORT SQUADRON (429 BISONSQUACDRON) - FLYING THE CC-177	429 运输中队 (429 野牛), 使用 CC - 177
Transfusion-related acute lung injury (TRALI) is aserious blood transfusion __source__ complication __target__ TRALI) __done__ characterized by the acute onset of non-cardiogenic pulmonary edema following transfusion of blood products.	输血相关急性肺损伤 (Transfusion related acute lung injury; TRALI) 是一种会引发急性肺水肿的严重输血併发症。
429 Transport Squadron (429 Bison Squadron) - Flying the CC-177	429 运输中队 (429 野牛), 使用 CC - 177
On 20 Xeptember 2019, the Australian Olympic Committee announced the first set of sailors selected for Tokyo __source__ 2020, __target__ 2020年 __done__ namely __source__ Rio __target__ 里约 __done__ 2016 silver __source__ medalists __target__ 阵容 __done__ and defending world 470 champions Mathew Belcher and William Ryan and world's current top-ranked Laser sailor Matthew Warn.	2019年 9月 20日, 澳大利亚奥林匹克委员会公布了第一批入选奥运阵容的帆船选手名单, 名单中包括 2016年里约奥运银牌得主 Mathew Belcher 和 William Ryan 。 2020年 2月 27日, 第二批入选奥运阵容的帆船选手名单正式公布。 2020年 3月 19日, Mara Stransky 确认获得代表澳大利亚参加女子辐射型的资格, 成为第三批入选的帆船选手。
On 20 September 2019, the Australian Olympic Committee announced the first set of sailors __source__ selected __target__ 入选 __done__ for Tokyo __source__ 2020, __target__ 2020年 __done__ namely Rio 2016 silver medalists and defending world 470 champions Mathew Belcher and William Ryan and world's current top-ranked Laser sailor Matthew Wear.	2019年 9月 20日, 澳大利亚奥林匹克委员会公布了第一批入选奥运阵容的帆船选手名单, 名单中包括 2016年里约奥运银牌得主 Mathew Belcher 和 William Ryan 。 2020年 2月 27日, 第二批入选奥运阵容的帆船选手名单正式公布。 2020年 3月 19日, Mara Stransky 确认获得代表澳大利亚参加女子辐射型的资格, 成为第三批入选的帆船选手。
ON 30 JANUARY, THE WHO DECLARED A PUBLIC HEALTH EMERGENCY OF INTERNATIONAL CONCERN AND ON JANUARY 31, THE TRUMP ADMINISTRATION DECLARED A PUBLIC HEALTH EMEERGENCY, AND PLACED TRAVEL RESTRICTIONS ON ENTRY FOR TRAVELLERS FROM CHINA.	2020年 1月 20日, 华盛顿州确诊首例 COVID - 19 患者。 1月 29日, 成立白宫冠状病毒工作组。 1月 31日, 特朗普政府宣布进入公共卫生紧急状态。
The conference concluded __source__ that __target__ , __done__ the __source__ manifestations __target__ 表现 __done__ of SIRS include, but are not limited to the first four described above under adult SIR criteria.	SIR S 标准成立于 1992年, 是美国胸科医师学会 / 重症监护医学协商会共同会议的一部分。会议得出结论, SIR S 的表现包括但不限于上述成人 SIR S 的前四项判定标准。
429 Transport Squadron (429 Bison Squadron) - Flying The CC-177	429 运输中队 (429 野牛), 使用 CC - 177
Community health, __source__ even __target__ 甚至 __done__ population health, is not encouraged as healht sectors in developing countries are not __source__ able __target__ 无法 __done__ to link the national authorities __source__ with __target__ 与 __done__ the local government and community action.	其他问题涉及医疗服务的取得, 以及费用。世界上绝大部分的国家地区没有足够的健康保险。在低收入国家, 不到总医疗保健支出的 40% 的经费由公家 / 政府支付。社区卫生, 甚至全民卫生都未受到鼓励, 因为发展中国家的卫生部门无法将他们的国家主管部门, 与地方政府, 以及社区行动联系起来。
Transfusion-related acute lung injury (TRALI) is a serious blood transfusion complication characterized by the acute onset of non-cardiogenic pulmonary edema following transfusion of blood products.	输血相关急性肺损伤 (Transfusion related acute lung injury; TRALI) 是一种会引发急性肺水肿的严重输血併发症。
Together At __source__ Home __target__ 在家 __done__ (also Known As On e World: Together At Home) Was A Virtual Concert Series Organised By Global __source__ Citizen __target__ 公民 __done__ And Curated By Singer Lady Gaga, In __source__ Support __target__ 支持 __done__ Of The World Health Organization.	同一个世界: 共同在家 (英语: One World: Together At Home), 是于 2020年 4月 18日举行的虚拟系列演唱会, 推广在 2019 冠状病毒病疫情期间保持社交距离等防疫理念, 由全球公民和歌手嘎嘎小姐共同组织发起, 以支持世界卫生组织。
The Conference Concluded That The Manifestations Of SIRS Include, But Are Not Limited __source__ To __target__ , __done__ The First Four Described Above Under Adult SIRS Criteria.	SIR S 标准成立于 1992年, 是美国胸科医师学会 / 重症监护医学协商会共同会议的一部分。会议得出结论, SIR S 的表现包括但不限于上述成人 SIR S 的前四项判定标准。
ON 20 SEPTEMBER 2019, THE AUSTRALIAN OLYMPIC COMMITTEE ANNOUNCED THE FIRST SET OF SAILORS SELECTED FOR TOKYO 2020, NAMELY __source__ RIO __target__ 里约 __done__ __source__ 2016 __target__ 2016年 __done__ SILVER MEDALISTS AND DEFENDING WORLD 470 CHAMPIONS MATHEW BELCHER AND WILLIAM RYAN AND WORLD'S CURRENT TOP-RANKED LASER SAILOR MATTHEW WEARN.	2019年 9月 20日, 澳大利亚奥林匹克委员会公布了第一批入选奥运阵容的帆船选手名单, 名单中包括 2016年里约奥运银牌得主 MATHEW BELCHER 和 WILLIAM RYAN 。 2020年 2月 27日, 第二批入选奥运阵容的帆船选手名单正式公布。 2020年 3月 19日, MARA STRANSKY 确认获得代表澳大利亚参加女子辐射型的资格, 成为第三批入选的帆船选手。
__source__ Community __target__ 社区 __done__ Health, Even Population Health, Is Not Encouraged As Health __source__ Sectors __target__ 部门 __done__ In Developing Countries Are Not Able To Link The National Authorities With The Local Government __source__ And __target__ 以及 __done__ Comunity Action.	其他问题涉及医疗服务的取得, 以及费用。世界上绝大部分的国家地区没有足够的健康保险。在低收入国家, 不到总医疗保健支出的 40% 的经费由公家 / 政府支付。社区卫生, 甚至全民卫生都未受到鼓励, 因为发展中国家的卫生部门无法将他们的国家主管部门, 与地方政府, 以及社区行动联系起来。
On 20 September 2019, the Australian Olympic Committee announced the first set of sailors selected for Tokyo 2020, namely Rio 2016 silver medalists and defending world 470 champions Mathew __source__ Belcher __target__ Mara __done__ and William Ryan and world's current top-ranked Laser sailor Matthew Wearn.	2019年 9月 20日, 澳大利亚奥林匹克委员会公布了第一批入选奥运阵容的帆船选手名单, 名单中包括 2016年里约奥运银牌得主 Mathew Belcher 和 William Ryan 。 2020年 2月 27日, 第二批入选奥运阵容的帆船选手名单正式公布。 2020年 3月 19日, Mara Stransky 确认获得代表澳大利亚参加女子辐射型的资格, 成为第三批入选的帆船选手。
Together at Home (also known as One World: Toge ther at Home) was a __source__ virtuao __target__ 虚拟 __done__ concert series __source__ organised __target__ 组织 __done__ by Global Citizen and curated by singer Lady Gaga, in support of the World Health Organization.	同一个世界: 共同在家 (英语: One World: Together at Home), 是于 2020年 4月 18日举行的虚拟系列演唱会, 推广在 2019 冠状病毒病疫情期间保持社交距离等防疫理念, 由全球公民和歌手嘎嘎小姐共同组织发起, 以支持世界卫生组织。
TRANSFUSION-RELATED ACUTE LUNG INJURY (TRALI) IS A SERIOUS BLOOD TRANSFUSION COMPLICATION CHARACTERTZED BY THE ACUTE __source__ ONSET __target__ 引发 __done__ OF NON-CARDIOGENIC PULMONARY EDEMA FOLLOWING TRANSFUSION OF BLOOD PRODUCTS.	输血相关急性肺损伤 (TRANSFUSION RELATED ACUTE LUNG INJURY; TRALI) 是一种会引发急性肺水肿的严重输血併发症。
Community Health, Even Population Health, Is Not Encouraged As Health Sectors In Developing Countries Are Not __source__ Able __target__ 无法 __done__ To Link The National Authorities With The Local Government And Community Action.	其他问题涉及医疗服务的取得, 以及费用。世界上绝大部分的国家地区没有足够的健康保险。在低收入国家, 不到总医疗保健支出的 40% 的经费由公家 / 政府支付。社区卫生, 甚至全民卫生都未受到鼓励, 因为发展中国家的卫生部门无法将他们的国家主管部门, 与地方政府, 以及社区行动联系起来。
429 Transport Squadrin (429 Bison XSquadron) - Flying the CC-177	429 运输中队 (429 野牛), 使用 CC - 177
ON 30 JANUARY, THE WHO DECLARED A __source__ PUBLIC __target__ - __done__ HEALTH EMERGENCY OF INTEDNATIONAL CONCERN AND ON JANUARY 31, THE TRUMP A DMINISTRATION DECLARED A PUBLIC HEALTH EMERGENCY, __source__ AND __target__ , __done__ PLACED TRAVEL RESTRICTIONS ON ENTRY FOR TRAVELLERS FROM CHINA.	2020年 1月 20日, 华盛顿州确诊首例 COVID - 19 患者。 1月 29日, 成立白宫冠状病毒工作组。 1月 31日, 特朗普政府宣布进入公共卫生紧急状态。
Food Poisoning and Food Hygiene.	微生物检验与食品安全控制.
On 20 September 2019, __source__ the __target__ 了 __done__ Australian Olympic Committee announced the first set of sailors selected for Tokyo 2020, namely Rio __source__ 2016 __target__ 2016年 __done__ silver medalists and defending world 470 champions Mathew Belcher and William Ryan and world's current top-ranked Laser sailor Matthew Wearn.	2019年 9月 20日, 澳大利亚奥林匹克委员会公布了第一批入选奥运阵容的帆船选手名单, 名单中包括 2016年里约奥运银牌得主 Mathew Belcher 和 William Ryan 。 2020年 2月 27日, 第二批入选奥运阵容的帆船选手名单正式公布。 2020年 3月 19日, Mara Stransky 确认获得代表澳大利亚参加女子辐射型的资格, 成为第三批入选的帆船选手。
The Conference Concluded That The Manifestations Of SIRS Include, But Are Not Limited __source__ To __target__ , __done__ The First __source__ Four __target__ 四 __done__ Described Above Under __source__ Adult __target__ 成人 __done__ SIRS Criteria.	SIR S 标准成立于 1992年, 是美国胸科医师学会 / 重症监护医学协商会共同会议的一部分。会议得出结论, SIR S 的表现包括但不限于上述成人 SIR S 的前四项判定标准。
Transfusion-related __source__ acute __target__ 急性 __done__ lung injury (TRALI) is a serious blood transfusion complication characterized by the __source__ acute __target__ 急性 __done__ onset of non-cardiogenic pulmonary edema following transfusion of blood products.	输血相关急性肺损伤 (Transfusion related acute lung injury; TRALI) 是一种会引发急性肺水肿的严重输血併发症。
Transfusion-related __source__ acute __target__ 急性 __done__ lung injury (TRALI) is a serious blood transfusion __source__ complication __target__ TRALI) __done__ characterized by the acute onset of non-cardiogenic pulmonary edema following transfusion of blood products.	输血相关急性肺损伤 (Transfusion related acute lung injury; TRALI) 是一种会引发急性肺水肿的严重输血併发症。
__source__ Together __target__ 共同 __done__ at Home (also known as One World: Together at Home) was a virtual concert series organised by Global __source__ Citizen __target__ 公民 __done__ and curated by singer Lady Gaga, in support of the World Health Organization.	同一个世界: 共同在家 (英语: One World: Together at Home), 是于 2020年 4月 18日举行的虚拟系列演唱会, 推广在 2019 冠状病毒病疫情期间保持社交距离等防疫理念, 由全球公民和歌手嘎嘎小姐共同组织发起, 以支持世界卫生组织。
COMMUNITY HEALTH, EVSN POPULATION HEALTH, IS NOT ENCOURAGED AS HEALTH SECTORS IN DEVELOPING COUNTRIES ARE NOT ABLE TO LINK THE NATIONAL AUTHORITIES WITH THE LOCAL GOVERNMENT AND COMMUNITY  ACTION.	其他问题涉及医疗服务的取得, 以及费用。世界上绝大部分的国家地区没有足够的健康保险。在低收入国家, 不到总医疗保健支出的 40% 的经费由公家 / 政府支付。社区卫生, 甚至全民卫生都未受到鼓励, 因为发展中国家的卫生部门无法将他们的国家主管部门, 与地方政府, 以及社区行动联系起来。
Food Poisoning annd Food Hygiene.	微生物检验与食品安全控制.
Generally, the treatment for SIRS is directed towards the underlying problem or inciting cause (i.e. adequate fluid replacement for hypovolemia, IVF/NPO for pancreatitis, epinephrine/steroids/diphenhydramine for anaphylaxis).Selenium, glutamine, and eicosapentaenoic acid have shown effectiveness in improving __source__ symptoms __target__ 症状 __done__ in clinical trials.	一般来说, SIR S 的治疗针对潜在的问题或诱发原因 (例如, 使用足够的液体替代血容量不足, 对胰腺炎患者应用 IV F / NPO, 肾上腺素 / 类固醇 / 苯海拉明用于过敏反应) 。硒, 谷氨酰胺和二十碳五烯酸已经显示出在临床试验中改善症状的有效性。其他的抗氧化剂, 如维生素E 可能是有帮助的。
On 1 March, __source__ Australia __target__ 澳大利亚 __done__ Reported The First Death From COVID-19: A 78-year-old Perth Man, Who Was One Of The Passengers From The Diamond __source__ Princess, __target__ COVID __done__ And Who Had Been Evacuated And Was Being Treated __source__ In __target__ 在 __done__ Western Australia.	同日, 一个曾为钻石公主号邮轮乘客的 78 岁男性老人宣布死亡, 为澳大利亚首例因感染 COVID - 19 死亡的病例。他曾在西澳大利亚州 Sir Charles Gairdner Hospital 治疗。
On 20 __source__ September __target__ 9月 __done__ 2019, The Australian Olympic Committee Announced The First Set Of Sailors Selected For Tokyo 2020, Namely Rio 2016 Silver Me dalists And Defending World 470 Champions Mathew Belcher And William Ryan And World's Current Top-ranked Laser Sailor Matthew Wearn.	2019年 9月 20日, 澳大利亚奥林匹克委员会公布了第一批入选奥运阵容的帆船选手名单, 名单中包括 2016年里约奥运银牌得主 Mathew Belcher 和 William Ryan 。 2020年 2月 27日, 第二批入选奥运阵容的帆船选手名单正式公布。 2020年 3月 19日, Mara Stransky 确认获得代表澳大利亚参加女子辐射型的资格, 成为第三批入选的帆船选手。
Generally, the treatment for SIRS is directed towards the underlying problem or inciting cause (i.e. adequate fluid replacement for hypovolemia, IVF/NPO for pancreatitis, e pinsphrine/steroids/diphenhydramine for anaphylaxis).Selenium, glutamine, and eicosapentaenoic acid have shown effectiveness in improving symptoms in clinical trials.	一般来说, SIR S 的治疗针对潜在的问题或诱发原因 (例如, 使用足够的液体替代血容量不足, 对胰腺炎患者应用 IV F / NPO, 肾上腺素 / 类固醇 / 苯海拉明用于过敏反应) 。硒, 谷氨酰胺和二十碳五烯酸已经显示出在临床试验中改善症状的有效性。其他的抗氧化剂, 如维生素E 可能是有帮助的。
